2026-05-22 08:40:19:8254	Application started
2026-05-22 08:40:24:4417	Selected solution: D:\xcm\Test\相机拍与输出（无数据输出）.sol
2026-05-22 08:40:36:5495	Loading solution succeeded!
2026-05-22 08:40:38:5068	Selected [OCR识别] succeeded!
2026-05-22 08:40:47:6747	[Callback] nWorkStatus=1, nProcessID=10000
2026-05-22 08:40:47:7079	Run once triggered
2026-05-22 08:40:47:7069	[Callback] nWorkStatus=0, nProcessID=10000
2026-05-22 08:40:47:7089	VmSolution_OnWorkStatusEvent: getting output info...
2026-05-22 08:40:47:7139	VmSolution_OnWorkStatusEvent: ioNameInfos.Count=1
2026-05-22 08:40:47:7155	VmSolution_OnWorkStatusEvent: TypeName=IMVS_GRAP_TYPE_STRING
2026-05-22 08:40:47:7155	VmSolution_OnWorkStatusEvent: calling GetOutputString with name=out
2026-05-22 08:40:47:7195	VmSolution_OnWorkStatusEvent VmException: Error code: 0x0
2026-05-22 08:40:47:7245	End Run!
2026-05-22 08:41:42:0936	Selected solution: D:\xcm\ApplicationDemo\OCRDemoCs\OCRDemoChinese.sol
2026-05-22 08:41:46:2188	End Run!
2026-05-22 08:41:46:7694	Loading solution succeeded!
2026-05-22 08:41:48:1577	Selected [OCR识别] succeeded!
2026-05-22 08:41:51:7923	[Callback] nWorkStatus=1, nProcessID=10000
2026-05-22 08:41:51:8064	Run once triggered
2026-05-22 08:41:51:8042	[Callback] nWorkStatus=0, nProcessID=10000
2026-05-22 08:41:51:8072	VmSolution_OnWorkStatusEvent: TypeName=IMVS_GRAP_TYPE_STRING
2026-05-22 08:41:51:8064	VmSolution_OnWorkStatusEvent: getting output info...
2026-05-22 08:41:51:8082	VmSolution_OnWorkStatusEvent: GetOutputString succeeded
2026-05-22 08:41:51:8092	Results: CodeInfo: ; Number of characters: ; Confidence: 
2026-05-22 08:41:51:8092	Process running time: 0ms
2026-05-22 08:41:51:8064	VmSolution_OnWorkStatusEvent: ioNameInfos.Count=1
2026-05-22 08:41:51:8072	VmSolution_OnWorkStatusEvent: calling GetOutputString with name=out
2026-05-22 08:41:51:8102	End Run!
2026-05-22 08:58:07:1495	VM DLL Load Strategy:
2026-05-22 08:58:07:1495	  - Local libs: D:\xcm\Triple-Detection\TripleDetection.App\bin\Debug\libs
2026-05-22 08:58:07:1475	Application started
2026-05-22 08:58:07:1495	  - VM install path: C:\Program Files\VisionMaster4.2.0
2026-05-22 10:03:10:0512	Selected solution: D:\xcm\ApplicationDemo\OCRDemoCs\OCRDemoChinese.sol
2026-05-22 10:03:17:3994	Loading solution succeeded!
2026-05-22 10:03:19:5402	Selected [OCR识别] succeeded!
2026-05-22 10:03:22:1225	[Callback] nWorkStatus=1, nProcessID=10000
2026-05-22 10:03:22:1406	Run once triggered
2026-05-22 10:03:22:1384	[Callback] nWorkStatus=0, nProcessID=10000
2026-05-22 10:03:22:1406	VmSolution_OnWorkStatusEvent: getting output info...
2026-05-22 10:03:22:1424	VmSolution_OnWorkStatusEvent: ioNameInfos.Count=1
2026-05-22 10:03:22:1444	VmSolution_OnWorkStatusEvent: calling GetOutputString with name=out
2026-05-22 10:03:22:1444	VmSolution_OnWorkStatusEvent: TypeName=IMVS_GRAP_TYPE_STRING
2026-05-22 10:03:22:1464	VmSolution_OnWorkStatusEvent: GetOutputString succeeded
2026-05-22 10:03:22:1464	Results: CodeInfo: ; Number of characters: ; Confidence: 
2026-05-22 10:03:22:1484	Process running time: 0ms
2026-05-22 10:03:22:1524	End Run!
2026-05-22 10:03:33:6414	[Callback] nWorkStatus=1, nProcessID=10000
2026-05-22 10:03:33:6514	Run once triggered
2026-05-22 10:03:33:6514	[Callback] nWorkStatus=0, nProcessID=10000
2026-05-22 10:03:33:6514	VmSolution_OnWorkStatusEvent: TypeName=IMVS_GRAP_TYPE_STRING
2026-05-22 10:03:33:6514	VmSolution_OnWorkStatusEvent: ioNameInfos.Count=1
2026-05-22 10:03:33:6534	Process running time: 12.3005ms
2026-05-22 10:03:33:6514	VmSolution_OnWorkStatusEvent: getting output info...
2026-05-22 10:03:33:6534	End Run!
2026-05-22 10:03:33:6534	Results: CodeInfo: ; Number of characters: ; Confidence: 
2026-05-22 10:03:33:6534	VmSolution_OnWorkStatusEvent: GetOutputString succeeded
2026-05-22 10:03:33:6514	VmSolution_OnWorkStatusEvent: calling GetOutputString with name=out
2026-05-22 10:03:50:1260	Selected solution: D:\xcm\Test\相机拍与输出（无数据输出）.sol
2026-05-22 10:03:53:8169	End Run!
2026-05-22 10:04:00:4909	Loading solution succeeded!
2026-05-22 10:08:09:7501	Selected [OCR识别] succeeded!
2026-05-22 10:09:11:4464	Application started
2026-05-22 10:09:11:4484	VM DLL Load Strategy:
2026-05-22 10:09:11:4484	  - Local libs: D:\xcm\Triple-Detection\TripleDetection.App\bin\Debug\libs
2026-05-22 10:09:11:4484	  - VM install path: C:\Program Files\VisionMaster4.2.0
2026-05-22 10:09:19:9881	Selected solution: D:\xcm\Test\相机拍与输出（无数据输出）.sol
2026-05-22 10:09:25:5984	End Run!
2026-05-22 10:09:32:9118	Loading solution succeeded!
2026-05-22 10:09:35:5026	Selected [OCR识别] succeeded!
2026-05-22 10:09:38:8751	[Callback] nWorkStatus=1, nProcessID=10000
2026-05-22 10:09:40:0492	Run once triggered
2026-05-22 10:09:40:0472	[Callback] nWorkStatus=0, nProcessID=10000
2026-05-22 10:09:40:0492	VmSolution_OnWorkStatusEvent: getting output info...
2026-05-22 10:09:40:0532	VmSolution_OnWorkStatusEvent: ioNameInfos.Count=1
2026-05-22 10:09:40:0532	VmSolution_OnWorkStatusEvent: TypeName=IMVS_GRAP_TYPE_STRING
2026-05-22 10:09:40:0532	VmSolution_OnWorkStatusEvent: calling GetOutputString with name=out
2026-05-22 10:09:40:0572	VmSolution_OnWorkStatusEvent VmException: Error code: 0x0
2026-05-22 10:09:40:0612	End Run!
2026-05-22 10:09:54:5009	[Callback] nWorkStatus=1, nProcessID=10000
2026-05-22 10:09:55:4776	Failed to run once, Error code: 0xE0000300
2026-05-22 10:09:55:6591	Run once triggered
2026-05-22 10:09:55:6591	VmSolution_OnWorkStatusEvent: getting output info...
2026-05-22 10:09:55:6591	VmSolution_OnWorkStatusEvent: calling GetOutputString with name=out
2026-05-22 10:09:55:6591	VmSolution_OnWorkStatusEvent VmException: Error code: 0x0
2026-05-22 10:09:55:6591	End Run!
2026-05-22 10:09:55:6591	VmSolution_OnWorkStatusEvent: TypeName=IMVS_GRAP_TYPE_STRING
2026-05-22 10:09:55:6591	VmSolution_OnWorkStatusEvent: ioNameInfos.Count=1
2026-05-22 10:09:55:6571	[Callback] nWorkStatus=0, nProcessID=10000
2026-05-22 10:16:27:3824	Switched to parameter configuration view
2026-05-22 10:16:32:6092	Switched to parameter configuration view
2026-05-22 10:16:43:1271	Switched to parameter configuration view
2026-05-22 10:17:08:7330	Language switched
2026-05-22 10:17:10:4241	Language switched
2026-05-22 10:17:11:3274	Language switched
2026-05-22 10:17:12:0713	Language switched
2026-05-22 10:17:13:1440	Language switched
2026-05-22 10:17:13:4941	Language switched
2026-05-22 10:17:13:7554	Language switched
2026-05-22 10:17:13:9868	Language switched
2026-05-22 10:17:17:0345	Language switched
2026-05-22 10:17:22:5498	[Callback] nWorkStatus=1, nProcessID=10000
2026-05-22 10:17:22:8650	Failed to run once, Error code: 0xE0000300
2026-05-22 10:17:23:0565	Failed to run once, Error code: 0xE0000300
2026-05-22 10:17:23:2579	Failed to run once, Error code: 0xE0000300
2026-05-22 10:17:23:4594	Failed to run once, Error code: 0xE0000300
2026-05-22 10:17:23:6526	Failed to run once, Error code: 0xE0000300
2026-05-22 10:17:23:7868	Run once triggered
2026-05-22 10:17:23:7848	[Callback] nWorkStatus=0, nProcessID=10000
2026-05-22 10:17:23:7868	VmSolution_OnWorkStatusEvent: TypeName=IMVS_GRAP_TYPE_STRING
2026-05-22 10:17:23:7868	VmSolution_OnWorkStatusEvent: ioNameInfos.Count=1
2026-05-22 10:17:23:7868	VmSolution_OnWorkStatusEvent: getting output info...
2026-05-22 10:17:23:7868	VmSolution_OnWorkStatusEvent: calling GetOutputString with name=out
2026-05-22 10:17:23:7868	VmSolution_OnWorkStatusEvent VmException: Error code: 0x0
2026-05-22 10:17:23:7888	End Run!
2026-05-22 10:17:23:8686	[Callback] nWorkStatus=1, nProcessID=10000
2026-05-22 10:17:25:0656	Run once triggered
2026-05-22 10:17:25:0635	[Callback] nWorkStatus=0, nProcessID=10000
2026-05-22 10:17:25:0656	VmSolution_OnWorkStatusEvent: ioNameInfos.Count=1
2026-05-22 10:17:25:0675	VmSolution_OnWorkStatusEvent VmException: Error code: 0x0
2026-05-22 10:17:25:0675	End Run!
2026-05-22 10:17:25:0656	VmSolution_OnWorkStatusEvent: calling GetOutputString with name=out
2026-05-22 10:17:25:0656	VmSolution_OnWorkStatusEvent: TypeName=IMVS_GRAP_TYPE_STRING
2026-05-22 10:17:25:0656	VmSolution_OnWorkStatusEvent: getting output info...
2026-05-22 10:17:56:3493	Selected solution: D:\xcm\ApplicationDemo\OCRDemoCs\OCRDemoChinese.sol
2026-05-22 10:18:01:9398	End Run!
2026-05-22 10:18:02:4331	Loading solution succeeded!
2026-05-22 10:18:06:5555	Selected [OCR识别] succeeded!
2026-05-22 10:18:11:9848	[Callback] nWorkStatus=1, nProcessID=10000
2026-05-22 10:18:12:0080	Run once triggered
2026-05-22 10:18:12:0089	VmSolution_OnWorkStatusEvent: TypeName=IMVS_GRAP_TYPE_STRING
2026-05-22 10:18:12:0089	VmSolution_OnWorkStatusEvent: calling GetOutputString with name=out
2026-05-22 10:18:12:0099	VmSolution_OnWorkStatusEvent: GetOutputString succeeded
2026-05-22 10:18:12:0089	VmSolution_OnWorkStatusEvent: ioNameInfos.Count=1
2026-05-22 10:18:12:0109	Results: CodeInfo: ; Number of characters: ; Confidence: 
2026-05-22 10:18:12:0109	Process running time: 0ms
2026-05-22 10:18:12:0129	End Run!
2026-05-22 10:18:12:0069	[Callback] nWorkStatus=0, nProcessID=10000
2026-05-22 10:18:12:0089	VmSolution_OnWorkStatusEvent: getting output info...
2026-05-22 11:32:32:3691	End Run!
2026-05-22 11:34:01:3743	VM DLL Load Strategy:
2026-05-22 11:34:01:3743	  - Local libs: D:\xcm\Triple-Detection\TripleDetection.App\bin\Debug\libs
2026-05-22 11:34:01:3743	  - VM install path: C:\Program Files\VisionMaster4.2.0
2026-05-22 11:34:01:3743	Application started
2026-05-22 11:36:19:1664	  - Local libs: D:\xcm\Triple-Detection\TripleDetection.App\bin\Debug\libs
2026-05-22 11:36:19:1664	VM DLL Load Strategy:
2026-05-22 11:36:19:1684	  - VM install path: C:\Program Files\VisionMaster4.2.0
2026-05-22 11:36:19:1664	Application started
2026-05-22 11:39:15:0160	VM DLL Load Strategy:
2026-05-22 11:39:15:0160	  - Local libs: D:\xcm\Triple-Detection\TripleDetection.App\bin\Debug\libs
2026-05-22 11:39:15:0140	Application started
2026-05-22 11:39:15:0165	  - VM install path: C:\Program Files\VisionMaster4.2.0
2026-05-22 11:55:54:5532	Application started
2026-05-22 11:55:54:5553	  - VM install path: C:\Program Files\VisionMaster4.2.0
2026-05-22 11:55:54:5553	VM DLL Load Strategy:
2026-05-22 11:55:54:5553	  - Local libs: D:\xcm\Triple-Detection\TripleDetection.App\bin\Debug\libs
