2026-05-25 12:25:32:6795	VM DLL Load Strategy:
2026-05-25 12:25:32:6795	  - Local libs: D:\xcm\Triple-Detection\TripleDetection.App\bin\Debug\libs
2026-05-25 12:25:32:6755	Application started
2026-05-25 12:25:32:6795	  - VM install path: C:\Program Files\VisionMaster4.2.0
2026-05-25 12:25:46:1698	Switched to task management view
2026-05-25 12:25:48:5658	Switched to product management view
2026-05-25 12:27:21:1567	Switched to task management view
2026-05-25 13:38:42:4066	Application started
2026-05-25 13:38:42:4066	VM DLL Load Strategy:
2026-05-25 13:38:42:4086	  - Local libs: D:\xcm\Triple-Detection\TripleDetection.App\bin\Debug\libs
2026-05-25 13:38:42:4086	  - VM install path: C:\Program Files\VisionMaster4.2.0
2026-05-25 13:38:46:1595	Switched to product management view
2026-05-25 13:38:49:0073	导航到: Products
2026-05-25 13:38:50:9786	Switched to task management view
2026-05-25 13:38:57:4652	Switched to parameter configuration view
2026-05-25 13:38:58:8539	Switched to task management view
2026-05-25 13:38:59:4188	Switched to parameter configuration view
2026-05-25 13:39:00:1740	Language switched
2026-05-25 13:39:00:8304	Switched to parameter configuration view
2026-05-25 13:39:01:7595	Switched to product management view
2026-05-25 13:39:03:3004	导航到: Tasks
2026-05-25 13:57:38:2824	Application started
2026-05-25 13:59:29:0709	Application started
2026-05-25 14:00:58:4000	Application started
2026-05-25 14:02:09:1065	Application started
2026-05-25 14:02:09:1350	导航到: Dashboard
2026-05-25 14:04:57:8720	Application started
2026-05-25 14:04:57:8955	导航到: Dashboard
2026-05-25 14:11:26:6163	Application started
2026-05-25 14:11:26:6583	导航到: Dashboard
2026-05-25 14:11:28:6686	检测页面已加载
2026-05-25 14:11:28:6726	导航到: Detection
2026-05-25 14:11:49:3638	已选择方案: D:\xcm\ApplicationDemo\OCRDemoCs\OCRDemoChinese.sol
2026-05-25 14:11:55:7837	加载方案成功!
2026-05-25 14:11:57:8978	已选择 [OCR识别]
2026-05-25 14:12:00:2716	[Callback] nWorkStatus=1, nProcessID=10000
2026-05-25 14:12:00:3157	单次运行已触发
2026-05-25 14:12:00:3136	[Callback] nWorkStatus=0, nProcessID=10000
2026-05-25 14:12:00:3316	End Run!
2026-05-25 14:12:04:9788	[Callback] nWorkStatus=1, nProcessID=10000
2026-05-25 14:12:04:9948	单次运行已触发
2026-05-25 14:12:04:9988	End Run!
2026-05-25 14:12:06:0823	[Callback] nWorkStatus=1, nProcessID=10000
2026-05-25 14:12:06:0983	单次运行已触发
2026-05-25 14:12:06:0963	[Callback] nWorkStatus=0, nProcessID=10000
2026-05-25 14:12:06:1043	End Run!
2026-05-25 14:12:07:2728	[Callback] nWorkStatus=1, nProcessID=10000
2026-05-25 14:12:07:2988	单次运行已触发
2026-05-25 14:12:07:2968	[Callback] nWorkStatus=0, nProcessID=10000
2026-05-25 14:12:07:3008	End Run!
2026-05-25 14:12:08:3938	[Callback] nWorkStatus=1, nProcessID=10000
2026-05-25 14:12:08:4100	单次运行已触发
2026-05-25 14:12:08:4058	[Callback] nWorkStatus=0, nProcessID=10000
2026-05-25 14:12:08:4138	End Run!
2026-05-25 14:12:09:2508	[Callback] nWorkStatus=1, nProcessID=10000
2026-05-25 14:12:09:2688	单次运行已触发
2026-05-25 14:12:09:2668	[Callback] nWorkStatus=0, nProcessID=10000
2026-05-25 14:12:09:2748	End Run!
2026-05-25 14:12:35:3546	已选择方案: D:\xcm\Test\相机拍与输出（无数据输出）.sol
2026-05-25 14:12:42:5287	End Run!
2026-05-25 14:12:52:1683	加载方案成功!
2026-05-25 14:12:53:6220	已选择 [OCR识别]
2026-05-25 14:12:58:1361	[Callback] nWorkStatus=1, nProcessID=10000
2026-05-25 14:12:59:5381	单次运行已触发
2026-05-25 14:12:59:5361	[Callback] nWorkStatus=0, nProcessID=10000
2026-05-25 14:12:59:5401	End Run!
2026-05-25 14:13:00:9211	[Callback] nWorkStatus=1, nProcessID=10000
2026-05-25 14:13:02:3301	单次运行已触发
2026-05-25 14:13:02:3281	[Callback] nWorkStatus=0, nProcessID=10000
2026-05-25 14:13:02:3301	End Run!
2026-05-25 14:13:02:4721	[Callback] nWorkStatus=1, nProcessID=10000
2026-05-25 14:13:04:0088	单次运行已触发
2026-05-25 14:13:04:0048	[Callback] nWorkStatus=0, nProcessID=10000
2026-05-25 14:13:04:0108	End Run!
2026-05-25 14:13:15:7738	用户退出系统
2026-05-25 14:20:54:4776	Application started
2026-05-25 14:20:54:5178	导航到: Dashboard
2026-05-25 14:26:17:8091	Application started
2026-05-25 14:26:17:8251	导航到: Dashboard
2026-05-25 14:26:19:6323	检测页面已加载
2026-05-25 14:26:19:6343	导航到: Detection
2026-05-25 14:34:42:3771	导航到: Products
2026-05-25 14:34:46:3881	导航到: Tasks
2026-05-25 14:34:47:8397	导航到: Logs
2026-05-25 14:34:49:5358	导航到: Settings
2026-05-25 14:35:19:6922	导航到: Logs
2026-05-25 14:41:56:5851	用户退出系统
2026-05-25 14:42:12:6437	Application started
2026-05-25 14:42:12:6625	导航到: Dashboard
2026-05-25 14:42:13:9061	检测页面已加载
2026-05-25 14:42:13:9081	导航到: Detection
2026-05-25 14:45:18:3658	Application started
2026-05-25 14:45:18:4091	导航到: Dashboard
2026-05-25 14:45:22:3678	检测页面已加载
2026-05-25 14:45:22:3718	导航到: Detection
2026-05-25 14:45:37:2730	导航到: Tasks
2026-05-25 14:45:49:6031	导航到: Products
2026-05-25 14:46:16:5858	导航到: Tasks
2026-05-25 14:47:02:2045	已加载 1 个任务
2026-05-25 14:47:02:2055	检测页面已加载
2026-05-25 14:47:02:2084	导航到: Detection
2026-05-25 14:47:04:7714	已选择任务: TestTask
2026-05-25 14:53:48:3463	用户退出系统
2026-05-25 14:54:01:4790	Application started
2026-05-25 14:54:01:5139	导航到: Dashboard
2026-05-25 14:54:04:7903	检测页面已加载
2026-05-25 14:54:04:7923	导航到: Detection
2026-05-25 14:54:40:4491	导航到: Products
2026-05-25 14:55:04:1537	导航到: Tasks
2026-05-25 14:55:33:3025	检测页面已加载
2026-05-25 14:55:33:3074	导航到: Detection
2026-05-25 14:55:37:4511	导航到: Products
2026-05-25 14:55:38:4466	检测页面已加载
2026-05-25 14:55:38:4496	导航到: Detection
2026-05-25 14:55:39:4755	导航到: Products
2026-05-25 14:55:40:1083	导航到: Tasks
2026-05-25 14:55:46:3170	已加载 1 个任务
2026-05-25 14:55:46:3170	检测页面已加载
2026-05-25 14:55:46:3230	导航到: Detection
2026-05-25 14:55:48:6678	已选择任务: Task
2026-05-25 15:08:27:6651	用户退出系统
2026-05-25 15:12:35:0818	Application started
2026-05-25 15:12:35:1177	导航到: Dashboard
2026-05-25 15:12:44:8810	已加载 3 个任务
2026-05-25 15:12:44:8810	检测页面已加载
2026-05-25 15:12:44:8840	导航到: Detection
2026-05-25 15:12:51:3336	已选择任务: OCR检测任务-2025-05-01
2026-05-25 15:12:58:8598	已选择任务: 缺陷检测任务-2025-05-02
2026-05-25 15:13:02:9009	已选择任务: 尺寸测量任务-2025-05-03
2026-05-25 15:13:05:4082	已从任务获取方案路径: D:\xcm\ApplicationDemo\OCRDemoCs\OCRDemoChinese.sol
2026-05-25 15:13:07:6674	加载方案成功!
2026-05-25 15:13:09:6763	已选择 [OCR识别]
2026-05-25 15:13:27:2294	已选择方案: D:\xcm\Test\相机拍与输出（无数据输出）.sol
2026-05-25 15:13:39:9621	加载方案成功!
2026-05-25 15:13:41:6527	已选择 [OCR识别]
2026-05-25 15:13:47:2816	[Callback] nWorkStatus=1, nProcessID=10000
2026-05-25 15:13:48:8085	单次运行已触发
2026-05-25 15:13:48:8065	[Callback] nWorkStatus=0, nProcessID=10000
2026-05-25 15:13:48:8165	End Run!
2026-05-25 15:14:02:9839	[Callback] nWorkStatus=1, nProcessID=10000
2026-05-25 15:14:04:4051	单次运行已触发
2026-05-25 15:14:04:4041	[Callback] nWorkStatus=0, nProcessID=10000
2026-05-25 15:14:04:4101	End Run!
2026-05-25 15:14:11:4215	[Callback] nWorkStatus=1, nProcessID=10000
2026-05-25 15:14:12:8960	单次运行已触发
2026-05-25 15:14:12:8940	[Callback] nWorkStatus=0, nProcessID=10000
2026-05-25 15:14:12:8999	End Run!
2026-05-25 15:14:28:7499	[Callback] nWorkStatus=1, nProcessID=10000
2026-05-25 15:14:30:0981	单次运行已触发
2026-05-25 15:14:30:0971	[Callback] nWorkStatus=0, nProcessID=10000
2026-05-25 15:14:30:1031	End Run!
2026-05-25 15:14:31:1184	[Callback] nWorkStatus=1, nProcessID=10000
2026-05-25 15:14:32:5646	单次运行已触发
2026-05-25 15:14:32:5635	[Callback] nWorkStatus=0, nProcessID=10000
2026-05-25 15:14:32:5700	End Run!
2026-05-25 15:14:33:4066	[Callback] nWorkStatus=1, nProcessID=10000
2026-05-25 15:14:34:7778	单次运行已触发
2026-05-25 15:14:34:7748	[Callback] nWorkStatus=0, nProcessID=10000
2026-05-25 15:14:34:7818	End Run!
2026-05-25 15:14:35:5329	[Callback] nWorkStatus=1, nProcessID=10000
2026-05-25 15:14:37:0603	单次运行已触发
2026-05-25 15:14:37:0593	[Callback] nWorkStatus=0, nProcessID=10000
2026-05-25 15:14:37:0663	End Run!
2026-05-25 15:34:38:4107	用户退出系统
2026-05-25 15:37:47:9470	Application started
2026-05-25 15:37:47:9854	导航到: Dashboard
2026-05-25 15:37:55:7972	导航到: Products
2026-05-25 15:37:57:9054	导航到: Tasks
2026-05-25 15:38:02:2061	导航到: Products
2026-05-25 15:38:05:1151	已加载 3 个任务
2026-05-25 15:38:05:1151	检测页面已加载
2026-05-25 15:38:05:1212	导航到: Detection
2026-05-25 15:38:08:7681	已选择任务: OCR检测任务-2025-05-01
2026-05-25 15:38:16:5213	已从任务获取方案路径: D:\xcm\ApplicationDemo\OCRDemoCs\OCRDemoChinese.sol
2026-05-25 15:38:18:6679	加载方案成功!
2026-05-25 15:38:20:8990	已选择 [OCR识别]
2026-05-25 15:38:26:6488	三期信息已设置: BN=BATCH20250501, Mfg=20260425, EXP=20261022
2026-05-25 15:38:44:6422	单次运行失败, 错误码: 0xE0000008
2026-05-25 15:38:53:2378	单次运行失败, 错误码: 0xE0000008
2026-05-25 15:38:54:2401	单次运行失败, 错误码: 0xE0000008
2026-05-25 15:38:55:2556	单次运行失败, 错误码: 0xE0000008
2026-05-25 15:38:56:1098	单次运行失败, 错误码: 0xE0000008
2026-05-25 15:39:19:0132	已选择方案: D:\xcm\Test\相机拍与输出（无数据输出）.sol
2026-05-25 15:39:25:0730	加载方案失败, 错误码: 0xE0000008
2026-05-25 15:39:31:6678	已选择方案: D:\xcm\Test\相机拍与输出（无数据输出）.sol
2026-05-25 15:39:45:2582	加载方案失败, 错误码: 0xE0000008
2026-05-25 15:39:54:3238	加载方案失败, 错误码: 0xE0000008
2026-05-25 15:40:07:6537	流程不存在!
2026-05-25 15:40:16:2351	用户退出系统
2026-05-25 15:40:27:3044	Application started
2026-05-25 15:40:27:3184	导航到: Dashboard
2026-05-25 15:40:28:6477	已加载 3 个任务
2026-05-25 15:40:28:6477	检测页面已加载
2026-05-25 15:40:28:6517	导航到: Detection
2026-05-25 15:40:35:1651	导航到: Products
2026-05-25 15:41:00:8968	导航到: Tasks
2026-05-25 15:41:50:5610	已加载 4 个任务
2026-05-25 15:41:50:5610	检测页面已加载
2026-05-25 15:41:50:5670	导航到: Detection
2026-05-25 15:41:53:4794	已选择任务: Task1
2026-05-25 15:41:58:7773	已从任务获取方案路径: D:\xcm\Test\相机拍与输出（无数据输出）.sol
2026-05-25 15:42:10:8413	加载方案成功!
2026-05-25 15:42:13:2171	已选择 [OCR识别]
2026-05-25 15:42:23:1035	[Callback] nWorkStatus=1, nProcessID=10000
2026-05-25 15:42:24:4848	单次运行已触发
2026-05-25 15:42:24:4827	[Callback] nWorkStatus=0, nProcessID=10000
2026-05-25 15:42:24:5048	End Run!
2026-05-25 15:42:30:2001	[Callback] nWorkStatus=1, nProcessID=10000
2026-05-25 15:42:31:4108	单次运行已触发
2026-05-25 15:42:31:4088	[Callback] nWorkStatus=0, nProcessID=10000
2026-05-25 15:42:31:4148	End Run!
2026-05-25 15:42:35:2802	[Callback] nWorkStatus=1, nProcessID=10000
2026-05-25 15:42:36:5145	单次运行已触发
2026-05-25 15:42:36:5125	[Callback] nWorkStatus=0, nProcessID=10000
2026-05-25 15:42:36:5185	End Run!
2026-05-25 15:42:39:4060	[Callback] nWorkStatus=1, nProcessID=10000
2026-05-25 15:42:40:6584	单次运行已触发
2026-05-25 15:42:40:6563	[Callback] nWorkStatus=0, nProcessID=10000
2026-05-25 15:42:40:6623	End Run!
2026-05-25 15:42:41:7829	[Callback] nWorkStatus=1, nProcessID=10000
2026-05-25 15:42:43:0268	单次运行已触发
2026-05-25 15:42:43:0247	[Callback] nWorkStatus=0, nProcessID=10000
2026-05-25 15:42:43:0307	End Run!
2026-05-25 15:42:43:9523	[Callback] nWorkStatus=1, nProcessID=10000
2026-05-25 15:42:45:2370	单次运行已触发
2026-05-25 15:42:45:2349	[Callback] nWorkStatus=0, nProcessID=10000
2026-05-25 15:42:45:2409	End Run!
2026-05-25 15:42:46:0708	[Callback] nWorkStatus=1, nProcessID=10000
2026-05-25 15:42:47:3069	单次运行已触发
2026-05-25 15:42:47:3049	[Callback] nWorkStatus=0, nProcessID=10000
2026-05-25 15:42:47:3149	End Run!
2026-05-25 15:42:48:1829	[Callback] nWorkStatus=1, nProcessID=10000
2026-05-25 15:42:49:4487	单次运行已触发
2026-05-25 15:42:49:4467	[Callback] nWorkStatus=0, nProcessID=10000
2026-05-25 15:42:49:4527	End Run!
2026-05-25 15:42:50:1507	[Callback] nWorkStatus=1, nProcessID=10000
2026-05-25 15:42:51:5364	单次运行已触发
2026-05-25 15:42:51:5344	[Callback] nWorkStatus=0, nProcessID=10000
2026-05-25 15:42:51:5404	End Run!
2026-05-25 15:42:52:1441	[Callback] nWorkStatus=1, nProcessID=10000
2026-05-25 15:42:53:5155	单次运行已触发
2026-05-25 15:42:53:5134	[Callback] nWorkStatus=0, nProcessID=10000
2026-05-25 15:42:53:5214	End Run!
2026-05-25 15:42:54:0952	[Callback] nWorkStatus=1, nProcessID=10000
2026-05-25 15:42:55:3754	单次运行已触发
2026-05-25 15:42:55:3734	[Callback] nWorkStatus=0, nProcessID=10000
2026-05-25 15:42:55:3860	End Run!
2026-05-25 15:42:56:0160	[Callback] nWorkStatus=1, nProcessID=10000
2026-05-25 15:42:57:3231	单次运行已触发
2026-05-25 15:42:57:3211	[Callback] nWorkStatus=0, nProcessID=10000
2026-05-25 15:42:57:3271	End Run!
2026-05-25 15:42:57:7111	[Callback] nWorkStatus=1, nProcessID=10000
2026-05-25 15:42:59:0221	单次运行已触发
2026-05-25 15:42:59:0201	[Callback] nWorkStatus=0, nProcessID=10000
2026-05-25 15:42:59:0261	End Run!
2026-05-25 15:42:59:4642	[Callback] nWorkStatus=1, nProcessID=10000
2026-05-25 15:43:00:9016	单次运行已触发
2026-05-25 15:43:00:8976	[Callback] nWorkStatus=0, nProcessID=10000
2026-05-25 15:43:00:9056	End Run!
2026-05-25 15:43:02:7753	[Callback] nWorkStatus=1, nProcessID=10000
2026-05-25 15:43:04:1649	单次运行已触发
2026-05-25 15:43:04:1629	[Callback] nWorkStatus=0, nProcessID=10000
2026-05-25 15:43:04:1709	End Run!
2026-05-25 15:43:05:2081	[Callback] nWorkStatus=1, nProcessID=10000
2026-05-25 15:43:06:5313	单次运行已触发
2026-05-25 15:43:06:5293	[Callback] nWorkStatus=0, nProcessID=10000
2026-05-25 15:43:06:5353	End Run!
2026-05-25 15:43:06:9753	[Callback] nWorkStatus=1, nProcessID=10000
2026-05-25 15:43:08:3005	单次运行已触发
2026-05-25 15:43:08:2984	[Callback] nWorkStatus=0, nProcessID=10000
2026-05-25 15:43:08:3064	End Run!
2026-05-25 15:43:08:6643	[Callback] nWorkStatus=1, nProcessID=10000
2026-05-25 15:43:10:0055	单次运行已触发
2026-05-25 15:43:10:0035	[Callback] nWorkStatus=0, nProcessID=10000
2026-05-25 15:43:10:0135	End Run!
2026-05-25 15:43:10:2792	[Callback] nWorkStatus=1, nProcessID=10000
2026-05-25 15:43:11:6649	单次运行已触发
2026-05-25 15:43:11:6629	[Callback] nWorkStatus=0, nProcessID=10000
2026-05-25 15:43:11:6709	End Run!
2026-05-25 15:43:11:8069	[Callback] nWorkStatus=1, nProcessID=10000
2026-05-25 15:43:13:1348	单次运行已触发
2026-05-25 15:43:13:1328	[Callback] nWorkStatus=0, nProcessID=10000
2026-05-25 15:43:13:1388	End Run!
2026-05-25 15:43:13:2868	[Callback] nWorkStatus=1, nProcessID=10000
2026-05-25 15:43:14:6087	单次运行已触发
2026-05-25 15:43:14:6067	[Callback] nWorkStatus=0, nProcessID=10000
2026-05-25 15:43:14:6127	End Run!
2026-05-25 15:43:15:1355	[Callback] nWorkStatus=1, nProcessID=10000
2026-05-25 15:43:16:4415	单次运行已触发
2026-05-25 15:43:16:4395	[Callback] nWorkStatus=0, nProcessID=10000
2026-05-25 15:43:16:4455	End Run!
2026-05-25 15:43:16:9605	[Callback] nWorkStatus=1, nProcessID=10000
2026-05-25 15:43:18:2650	单次运行已触发
2026-05-25 15:43:18:2630	[Callback] nWorkStatus=0, nProcessID=10000
2026-05-25 15:43:18:2710	End Run!
2026-05-25 15:43:28:8120	用户退出系统
2026-05-25 15:52:07:3368	Application started
2026-05-25 15:52:07:3703	导航到: Dashboard
