2026-05-26 13:38:20:1722	Application started
2026-05-26 13:38:20:1964	导航到: Dashboard
2026-05-26 13:39:20:1733	Application started
2026-05-26 13:39:20:2095	导航到: Dashboard
2026-05-26 13:39:21:8078	导航到: UserManagement
2026-05-26 13:39:25:6315	导航到: Settings
2026-05-26 13:39:26:8286	导航到: Logs
2026-05-26 13:39:28:1137	导航到: Tasks
2026-05-26 13:39:28:9514	导航到: Products
2026-05-26 13:39:31:2715	已加载 3 个任务
2026-05-26 13:39:31:2715	检测页面已加载
2026-05-26 13:39:31:2817	导航到: Detection
2026-05-26 13:41:14:8552	Application started
2026-05-26 13:41:14:9311	导航到: Dashboard
2026-05-26 13:41:21:7065	已加载 3 个任务
2026-05-26 13:41:21:7075	检测页面已加载
2026-05-26 13:41:21:7135	导航到: Detection
2026-05-26 13:41:29:2301	已选择方案: D:\xcm\Test\相机拍与输出（无数据输出）2.sol
2026-05-26 13:51:31:1124	Application started
2026-05-26 13:51:31:1771	导航到: Dashboard
2026-05-26 13:51:36:0243	导航到: UserManagement
2026-05-26 13:59:18:8002	Application started
2026-05-26 13:59:18:8251	导航到: Dashboard
2026-05-26 13:59:22:5293	导航到: UserManagement
2026-05-26 14:02:58:2576	Application started
2026-05-26 14:02:58:2855	导航到: Dashboard
2026-05-26 14:03:00:4967	导航到: UserManagement
2026-05-26 14:04:35:2347	Application started
2026-05-26 14:04:35:2646	导航到: Dashboard
2026-05-26 14:05:37:0432	导航到: UserManagement
2026-05-26 14:07:05:3530	已加载 3 个任务
2026-05-26 14:07:05:3530	检测页面已加载
2026-05-26 14:07:05:3649	导航到: Detection
2026-05-26 14:07:06:0863	导航到: Products
2026-05-26 14:07:07:9818	导航到: Tasks
2026-05-26 14:07:08:6480	导航到: Detection
2026-05-26 14:07:16:0961	已选择方案: D:\xcm\Test\相机拍与输出（无数据输出）2.sol
2026-05-26 14:07:26:6032	加载方案成功!
2026-05-26 14:07:28:7850	已选择 [OCR识别]
2026-05-26 14:07:42:7550	已选择方案: D:\xcm\Test\图像-fanks.sol
2026-05-26 14:08:02:1946	导航到: UserManagement
2026-05-26 14:08:03:5693	导航到: Detection
2026-05-26 14:08:07:2551	流程不存在!
2026-05-26 14:08:10:9862	选择流程失败, 错误码: 0xE0000316
2026-05-26 14:08:11:0241	加载方案失败, 错误码: 0xE0000101
2026-05-26 14:08:18:3027	已选择 [OCR识别]
2026-05-26 14:08:19:5350	流程不存在!
2026-05-26 14:08:27:3037	已选择 [流程1]
2026-05-26 14:08:28:3426	流程不存在!
2026-05-26 14:12:05:7388	加载方案失败, 错误码: 0xE000000D
2026-05-26 14:12:38:6530	加载方案成功!
2026-05-26 14:12:39:4381	流程数量为0，请检查方案!
2026-05-26 14:12:46:1737	已选择方案: D:\xcm\Test\图像-fanks.sol
2026-05-26 14:13:04:4380	加载方案成功!
2026-05-26 14:13:07:3898	流程数量为0，请检查方案!
2026-05-26 14:14:18:0786	流程不存在!
2026-05-26 14:17:58:6040	导航到: UserManagement
2026-05-26 14:20:35:9311	导航到: Detection
2026-05-26 14:21:02:9183	已选择方案: D:\xcm\Test\RefDoc\Samples\ch\软件功能展示\OCR\普通OCR\OCR.sol
2026-05-26 14:21:09:6491	加载方案成功!
2026-05-26 14:21:11:4535	已选择 [流程1]
2026-05-26 14:21:15:1089	[Callback] nWorkStatus=1, nProcessID=10000
2026-05-26 14:21:15:1369	End Run!
2026-05-26 14:21:15:1408	单次运行已触发
2026-05-26 14:21:15:1398	[Callback] nWorkStatus=0, nProcessID=10000
2026-05-26 14:21:15:1518	End Run!
2026-05-26 14:21:16:8487	[Callback] nWorkStatus=1, nProcessID=10000
2026-05-26 14:21:16:8566	单次运行已触发
2026-05-26 14:21:16:8546	[Callback] nWorkStatus=0, nProcessID=10000
2026-05-26 14:21:16:8626	End Run!
2026-05-26 14:21:17:7279	[Callback] nWorkStatus=1, nProcessID=10000
2026-05-26 14:21:17:7414	单次运行已触发
2026-05-26 14:21:17:7504	End Run!
2026-05-26 14:21:18:7528	[Callback] nWorkStatus=1, nProcessID=10000
2026-05-26 14:21:18:7598	单次运行已触发
2026-05-26 14:21:18:7587	[Callback] nWorkStatus=0, nProcessID=10000
2026-05-26 14:21:18:7657	End Run!
2026-05-26 14:21:19:0563	[Callback] nWorkStatus=1, nProcessID=10000
2026-05-26 14:21:19:0622	单次运行已触发
2026-05-26 14:21:19:0612	[Callback] nWorkStatus=0, nProcessID=10000
2026-05-26 14:21:19:0702	End Run!
2026-05-26 14:21:19:9047	[Callback] nWorkStatus=1, nProcessID=10000
2026-05-26 14:21:19:9117	单次运行已触发
2026-05-26 14:21:19:9097	[Callback] nWorkStatus=0, nProcessID=10000
2026-05-26 14:21:19:9186	End Run!
2026-05-26 14:21:20:6245	[Callback] nWorkStatus=1, nProcessID=10000
2026-05-26 14:21:20:6305	单次运行已触发
2026-05-26 14:21:20:6295	[Callback] nWorkStatus=0, nProcessID=10000
2026-05-26 14:21:20:6415	End Run!
2026-05-26 14:21:20:8965	[Callback] nWorkStatus=1, nProcessID=10000
2026-05-26 14:21:20:9044	单次运行已触发
2026-05-26 14:21:20:9024	[Callback] nWorkStatus=0, nProcessID=10000
2026-05-26 14:21:20:9104	End Run!
2026-05-26 14:21:21:1518	[Callback] nWorkStatus=1, nProcessID=10000
2026-05-26 14:21:21:1598	单次运行已触发
2026-05-26 14:21:21:1578	[Callback] nWorkStatus=0, nProcessID=10000
2026-05-26 14:21:21:1657	End Run!
2026-05-26 14:21:21:4160	[Callback] nWorkStatus=1, nProcessID=10000
2026-05-26 14:21:21:4249	单次运行已触发
2026-05-26 14:21:21:4230	[Callback] nWorkStatus=0, nProcessID=10000
2026-05-26 14:21:21:4329	End Run!
2026-05-26 14:21:21:6721	[Callback] nWorkStatus=1, nProcessID=10000
2026-05-26 14:21:21:6801	单次运行已触发
2026-05-26 14:21:21:6871	End Run!
2026-05-26 14:21:21:9207	[Callback] nWorkStatus=1, nProcessID=10000
2026-05-26 14:21:21:9277	单次运行已触发
2026-05-26 14:21:21:9257	[Callback] nWorkStatus=0, nProcessID=10000
2026-05-26 14:21:21:9347	End Run!
2026-05-26 14:21:22:1998	[Callback] nWorkStatus=1, nProcessID=10000
2026-05-26 14:21:22:2088	单次运行已触发
2026-05-26 14:21:22:2177	End Run!
2026-05-26 14:21:22:4800	[Callback] nWorkStatus=1, nProcessID=10000
2026-05-26 14:21:22:4871	单次运行已触发
2026-05-26 14:21:22:4860	[Callback] nWorkStatus=0, nProcessID=10000
2026-05-26 14:21:22:4940	End Run!
2026-05-26 14:21:22:8245	[Callback] nWorkStatus=1, nProcessID=10000
2026-05-26 14:21:22:8315	单次运行已触发
2026-05-26 14:21:22:8395	End Run!
2026-05-26 14:21:23:2400	[Callback] nWorkStatus=1, nProcessID=10000
2026-05-26 14:21:23:2480	单次运行已触发
2026-05-26 14:21:23:2460	[Callback] nWorkStatus=0, nProcessID=10000
2026-05-26 14:21:23:2539	End Run!
2026-05-26 14:21:49:8537	导航到: Products
2026-05-26 14:21:50:6168	导航到: Tasks
2026-05-26 14:21:51:6014	导航到: Logs
2026-05-26 14:21:52:4363	导航到: Settings
2026-05-26 14:21:53:7774	导航到: UserManagement
2026-05-26 14:21:55:8753	导航到: Detection
2026-05-26 14:21:56:3681	导航到: Dashboard
2026-05-26 14:33:21:2105	导航到: UserManagement
2026-05-26 14:33:25:1189	用户退出系统
2026-05-26 14:59:36:4917	Application started
2026-05-26 14:59:36:5501	导航到: Dashboard
2026-05-26 14:59:38:8171	导航到: UserManagement
2026-05-26 15:38:50:7646	Application started
2026-05-26 15:38:50:8024	导航到: Dashboard
2026-05-26 15:39:00:7004	导航到: Products
2026-05-26 15:39:37:3152	导航到: Tasks
2026-05-26 15:40:05:4033	已加载 3 个任务
2026-05-26 15:40:05:4033	检测页面已加载
2026-05-26 15:40:05:4093	导航到: Detection
2026-05-26 15:40:08:0933	已选择任务: 缺陷检测任务-2025-05-02
2026-05-26 15:40:13:8489	已从任务获取方案路径: D:\xcm\Test\相机拍与输出（无数据输出）2.sol
2026-05-26 15:40:15:5629	End Run!
2026-05-26 15:40:23:4829	加载方案成功!
2026-05-26 15:40:25:5981	已选择 [OCR识别]
2026-05-26 15:40:58:2024	[Callback] nWorkStatus=1, nProcessID=10000
2026-05-26 15:40:58:2468	单次运行已触发
2026-05-26 15:40:58:2448	[Callback] nWorkStatus=0, nProcessID=10000
2026-05-26 15:40:58:2548	End Run!
2026-05-26 15:40:59:9526	[Callback] nWorkStatus=1, nProcessID=10000
2026-05-26 15:40:59:9856	单次运行已触发
2026-05-26 15:40:59:9836	[Callback] nWorkStatus=0, nProcessID=10000
2026-05-26 15:40:59:9916	End Run!
2026-05-26 15:41:01:3186	[Callback] nWorkStatus=1, nProcessID=10000
2026-05-26 15:41:01:3581	单次运行已触发
2026-05-26 15:41:01:3561	[Callback] nWorkStatus=0, nProcessID=10000
2026-05-26 15:41:01:3641	End Run!
2026-05-26 15:41:02:0544	[Callback] nWorkStatus=1, nProcessID=10000
2026-05-26 15:41:02:0861	单次运行已触发
2026-05-26 15:41:02:0837	[Callback] nWorkStatus=0, nProcessID=10000
2026-05-26 15:41:02:0913	End Run!
2026-05-26 15:41:02:6164	[Callback] nWorkStatus=1, nProcessID=10000
2026-05-26 15:41:02:6484	单次运行已触发
2026-05-26 15:41:02:6464	[Callback] nWorkStatus=0, nProcessID=10000
2026-05-26 15:41:02:6544	End Run!
2026-05-26 15:41:03:1109	[Callback] nWorkStatus=1, nProcessID=10000
2026-05-26 15:41:03:1405	单次运行已触发
2026-05-26 15:41:03:1389	[Callback] nWorkStatus=0, nProcessID=10000
2026-05-26 15:41:03:1466	End Run!
2026-05-26 15:41:03:3664	[Callback] nWorkStatus=1, nProcessID=10000
2026-05-26 15:41:03:4049	单次运行已触发
2026-05-26 15:41:03:4029	[Callback] nWorkStatus=0, nProcessID=10000
2026-05-26 15:41:03:4129	End Run!
2026-05-26 15:41:03:8464	[Callback] nWorkStatus=1, nProcessID=10000
2026-05-26 15:41:03:8867	单次运行已触发
2026-05-26 15:41:03:8847	[Callback] nWorkStatus=0, nProcessID=10000
2026-05-26 15:41:03:8927	End Run!
2026-05-26 15:41:04:0786	[Callback] nWorkStatus=1, nProcessID=10000
2026-05-26 15:41:04:1088	单次运行已触发
2026-05-26 15:41:04:1068	[Callback] nWorkStatus=0, nProcessID=10000
2026-05-26 15:41:04:1148	End Run!
2026-05-26 15:41:04:3186	[Callback] nWorkStatus=1, nProcessID=10000
2026-05-26 15:41:04:3570	单次运行已触发
2026-05-26 15:41:04:3550	[Callback] nWorkStatus=0, nProcessID=10000
2026-05-26 15:41:04:3630	End Run!
2026-05-26 15:41:04:5424	[Callback] nWorkStatus=1, nProcessID=10000
2026-05-26 15:41:04:5820	单次运行已触发
2026-05-26 15:41:04:5800	[Callback] nWorkStatus=0, nProcessID=10000
2026-05-26 15:41:04:5880	End Run!
2026-05-26 15:41:04:7664	[Callback] nWorkStatus=1, nProcessID=10000
2026-05-26 15:41:04:8035	单次运行已触发
2026-05-26 15:41:04:7995	[Callback] nWorkStatus=0, nProcessID=10000
2026-05-26 15:41:04:8095	End Run!
2026-05-26 15:41:05:0225	[Callback] nWorkStatus=1, nProcessID=10000
2026-05-26 15:41:05:0566	单次运行已触发
2026-05-26 15:41:05:0546	[Callback] nWorkStatus=0, nProcessID=10000
2026-05-26 15:41:05:0626	End Run!
2026-05-26 15:41:05:3346	[Callback] nWorkStatus=1, nProcessID=10000
2026-05-26 15:41:05:3675	单次运行已触发
2026-05-26 15:41:05:3655	[Callback] nWorkStatus=0, nProcessID=10000
2026-05-26 15:41:05:3735	End Run!
2026-05-26 15:41:05:6304	[Callback] nWorkStatus=1, nProcessID=10000
2026-05-26 15:41:05:6613	单次运行已触发
2026-05-26 15:41:05:6593	[Callback] nWorkStatus=0, nProcessID=10000
2026-05-26 15:41:05:6683	End Run!
2026-05-26 15:41:06:0224	[Callback] nWorkStatus=1, nProcessID=10000
2026-05-26 15:41:06:0552	单次运行已触发
2026-05-26 15:41:06:0652	End Run!
2026-05-26 15:41:06:3021	[Callback] nWorkStatus=1, nProcessID=10000
2026-05-26 15:41:06:3365	单次运行已触发
2026-05-26 15:41:06:3345	[Callback] nWorkStatus=0, nProcessID=10000
2026-05-26 15:41:06:3425	End Run!
2026-05-26 15:41:06:5204	[Callback] nWorkStatus=1, nProcessID=10000
2026-05-26 15:41:06:5525	单次运行已触发
2026-05-26 15:41:06:5505	[Callback] nWorkStatus=0, nProcessID=10000
2026-05-26 15:41:06:5625	End Run!
2026-05-26 15:41:06:7346	[Callback] nWorkStatus=1, nProcessID=10000
2026-05-26 15:41:06:7675	单次运行已触发
2026-05-26 15:41:06:7665	[Callback] nWorkStatus=0, nProcessID=10000
2026-05-26 15:41:06:7744	End Run!
2026-05-26 15:41:07:0465	[Callback] nWorkStatus=1, nProcessID=10000
2026-05-26 15:41:07:0796	单次运行已触发
2026-05-26 15:41:07:0776	[Callback] nWorkStatus=0, nProcessID=10000
2026-05-26 15:41:07:0856	End Run!
2026-05-26 15:41:07:2865	[Callback] nWorkStatus=1, nProcessID=10000
2026-05-26 15:41:07:3186	单次运行已触发
2026-05-26 15:41:07:3166	[Callback] nWorkStatus=0, nProcessID=10000
2026-05-26 15:41:07:3243	End Run!
2026-05-26 15:41:07:5026	[Callback] nWorkStatus=1, nProcessID=10000
2026-05-26 15:41:07:5347	单次运行已触发
2026-05-26 15:41:07:5327	[Callback] nWorkStatus=0, nProcessID=10000
2026-05-26 15:41:07:5407	End Run!
2026-05-26 15:41:07:7024	[Callback] nWorkStatus=1, nProcessID=10000
2026-05-26 15:41:07:7365	单次运行已触发
2026-05-26 15:41:07:7345	[Callback] nWorkStatus=0, nProcessID=10000
2026-05-26 15:41:07:7425	End Run!
2026-05-26 15:41:07:9106	[Callback] nWorkStatus=1, nProcessID=10000
2026-05-26 15:41:07:9414	单次运行已触发
2026-05-26 15:41:07:9394	[Callback] nWorkStatus=0, nProcessID=10000
2026-05-26 15:41:07:9471	End Run!
2026-05-26 15:41:08:1136	[Callback] nWorkStatus=1, nProcessID=10000
2026-05-26 15:41:08:1456	单次运行已触发
2026-05-26 15:41:08:1436	[Callback] nWorkStatus=0, nProcessID=10000
2026-05-26 15:41:08:1516	End Run!
2026-05-26 15:41:08:2947	[Callback] nWorkStatus=1, nProcessID=10000
2026-05-26 15:41:08:3268	单次运行已触发
2026-05-26 15:41:08:3248	[Callback] nWorkStatus=0, nProcessID=10000
2026-05-26 15:41:08:3328	End Run!
2026-05-26 15:41:08:5024	[Callback] nWorkStatus=1, nProcessID=10000
2026-05-26 15:41:08:5345	单次运行已触发
2026-05-26 15:41:08:5325	[Callback] nWorkStatus=0, nProcessID=10000
2026-05-26 15:41:08:5418	End Run!
2026-05-26 15:41:08:6946	[Callback] nWorkStatus=1, nProcessID=10000
2026-05-26 15:41:08:7286	单次运行已触发
2026-05-26 15:41:08:7266	[Callback] nWorkStatus=0, nProcessID=10000
2026-05-26 15:41:08:7346	End Run!
2026-05-26 15:41:08:8786	[Callback] nWorkStatus=1, nProcessID=10000
2026-05-26 15:41:08:9126	单次运行已触发
2026-05-26 15:41:08:9106	[Callback] nWorkStatus=0, nProcessID=10000
2026-05-26 15:41:08:9186	End Run!
2026-05-26 15:41:09:0945	[Callback] nWorkStatus=1, nProcessID=10000
2026-05-26 15:41:09:1266	单次运行已触发
2026-05-26 15:41:09:1246	[Callback] nWorkStatus=0, nProcessID=10000
2026-05-26 15:41:09:1326	End Run!
2026-05-26 15:41:09:3264	[Callback] nWorkStatus=1, nProcessID=10000
2026-05-26 15:41:09:3587	单次运行已触发
2026-05-26 15:41:09:3567	[Callback] nWorkStatus=0, nProcessID=10000
2026-05-26 15:41:09:3647	End Run!
2026-05-26 15:41:09:5187	[Callback] nWorkStatus=1, nProcessID=10000
2026-05-26 15:41:09:5545	单次运行已触发
2026-05-26 15:41:09:5524	[Callback] nWorkStatus=0, nProcessID=10000
2026-05-26 15:41:09:5606	End Run!
2026-05-26 15:41:09:7105	[Callback] nWorkStatus=1, nProcessID=10000
2026-05-26 15:41:09:7428	单次运行已触发
2026-05-26 15:41:09:7408	[Callback] nWorkStatus=0, nProcessID=10000
2026-05-26 15:41:09:7488	End Run!
2026-05-26 15:41:09:8946	[Callback] nWorkStatus=1, nProcessID=10000
2026-05-26 15:41:09:9267	单次运行已触发
2026-05-26 15:41:09:9247	[Callback] nWorkStatus=0, nProcessID=10000
2026-05-26 15:41:09:9327	End Run!
2026-05-26 15:41:10:1185	[Callback] nWorkStatus=1, nProcessID=10000
2026-05-26 15:41:10:1507	单次运行已触发
2026-05-26 15:41:10:1487	[Callback] nWorkStatus=0, nProcessID=10000
2026-05-26 15:41:10:1567	End Run!
2026-05-26 15:41:10:3104	[Callback] nWorkStatus=1, nProcessID=10000
2026-05-26 15:41:10:3445	单次运行已触发
2026-05-26 15:41:10:3425	[Callback] nWorkStatus=0, nProcessID=10000
2026-05-26 15:41:10:3505	End Run!
2026-05-26 15:41:10:4945	[Callback] nWorkStatus=1, nProcessID=10000
2026-05-26 15:41:10:5268	单次运行已触发
2026-05-26 15:41:10:5248	[Callback] nWorkStatus=0, nProcessID=10000
2026-05-26 15:41:10:5328	End Run!
2026-05-26 15:41:10:7025	[Callback] nWorkStatus=1, nProcessID=10000
2026-05-26 15:41:10:7326	单次运行已触发
2026-05-26 15:41:10:7306	[Callback] nWorkStatus=0, nProcessID=10000
2026-05-26 15:41:10:7398	End Run!
2026-05-26 15:41:10:9105	[Callback] nWorkStatus=1, nProcessID=10000
2026-05-26 15:41:10:9462	单次运行已触发
2026-05-26 15:41:10:9442	[Callback] nWorkStatus=0, nProcessID=10000
2026-05-26 15:41:10:9522	End Run!
2026-05-26 15:41:11:1024	[Callback] nWorkStatus=1, nProcessID=10000
2026-05-26 15:41:11:1346	单次运行已触发
2026-05-26 15:41:11:1326	[Callback] nWorkStatus=0, nProcessID=10000
2026-05-26 15:41:11:1426	End Run!
2026-05-26 15:41:11:3104	[Callback] nWorkStatus=1, nProcessID=10000
2026-05-26 15:41:11:3491	单次运行已触发
2026-05-26 15:41:11:3471	[Callback] nWorkStatus=0, nProcessID=10000
2026-05-26 15:41:11:3551	End Run!
2026-05-26 15:41:11:5255	[Callback] nWorkStatus=1, nProcessID=10000
2026-05-26 15:41:11:5650	单次运行已触发
2026-05-26 15:41:11:5630	[Callback] nWorkStatus=0, nProcessID=10000
2026-05-26 15:41:11:5730	End Run!
2026-05-26 15:41:11:7345	[Callback] nWorkStatus=1, nProcessID=10000
2026-05-26 15:41:11:7683	单次运行已触发
2026-05-26 15:41:11:7663	[Callback] nWorkStatus=0, nProcessID=10000
2026-05-26 15:41:11:7723	End Run!
2026-05-26 15:41:11:9344	[Callback] nWorkStatus=1, nProcessID=10000
2026-05-26 15:41:11:9680	单次运行已触发
2026-05-26 15:41:11:9659	[Callback] nWorkStatus=0, nProcessID=10000
2026-05-26 15:41:11:9739	End Run!
2026-05-26 15:41:12:1425	[Callback] nWorkStatus=1, nProcessID=10000
2026-05-26 15:41:12:1765	单次运行已触发
2026-05-26 15:41:12:1725	[Callback] nWorkStatus=0, nProcessID=10000
2026-05-26 15:41:12:1825	End Run!
2026-05-26 15:41:12:3349	[Callback] nWorkStatus=1, nProcessID=10000
2026-05-26 15:41:12:3658	单次运行已触发
2026-05-26 15:41:12:3638	[Callback] nWorkStatus=0, nProcessID=10000
2026-05-26 15:41:12:3718	End Run!
2026-05-26 15:41:12:5426	[Callback] nWorkStatus=1, nProcessID=10000
2026-05-26 15:41:12:5806	单次运行已触发
2026-05-26 15:41:12:5786	[Callback] nWorkStatus=0, nProcessID=10000
2026-05-26 15:41:12:5866	End Run!
2026-05-26 15:41:12:7344	[Callback] nWorkStatus=1, nProcessID=10000
2026-05-26 15:41:12:7667	单次运行已触发
2026-05-26 15:41:12:7647	[Callback] nWorkStatus=0, nProcessID=10000
2026-05-26 15:41:12:7727	End Run!
2026-05-26 15:41:12:9346	[Callback] nWorkStatus=1, nProcessID=10000
2026-05-26 15:41:12:9665	单次运行已触发
2026-05-26 15:41:12:9645	[Callback] nWorkStatus=0, nProcessID=10000
2026-05-26 15:41:12:9725	End Run!
2026-05-26 15:41:13:1426	[Callback] nWorkStatus=1, nProcessID=10000
2026-05-26 15:41:13:1768	单次运行已触发
2026-05-26 15:41:13:1748	[Callback] nWorkStatus=0, nProcessID=10000
2026-05-26 15:41:13:1828	End Run!
2026-05-26 15:41:13:3820	[Callback] nWorkStatus=1, nProcessID=10000
2026-05-26 15:41:13:4149	单次运行已触发
2026-05-26 15:41:13:4130	[Callback] nWorkStatus=0, nProcessID=10000
2026-05-26 15:41:13:4199	End Run!
2026-05-26 15:41:13:5824	[Callback] nWorkStatus=1, nProcessID=10000
2026-05-26 15:41:13:6152	单次运行已触发
2026-05-26 15:41:13:6132	[Callback] nWorkStatus=0, nProcessID=10000
2026-05-26 15:41:13:6212	End Run!
2026-05-26 15:41:13:7905	[Callback] nWorkStatus=1, nProcessID=10000
2026-05-26 15:41:13:8253	单次运行已触发
2026-05-26 15:41:13:8233	[Callback] nWorkStatus=0, nProcessID=10000
2026-05-26 15:41:13:8313	End Run!
2026-05-26 15:41:14:0065	[Callback] nWorkStatus=1, nProcessID=10000
2026-05-26 15:41:14:0383	单次运行已触发
2026-05-26 15:41:14:0366	[Callback] nWorkStatus=0, nProcessID=10000
2026-05-26 15:41:14:0463	End Run!
2026-05-26 15:41:14:2063	[Callback] nWorkStatus=1, nProcessID=10000
2026-05-26 15:41:14:2384	单次运行已触发
2026-05-26 15:41:14:2364	[Callback] nWorkStatus=0, nProcessID=10000
2026-05-26 15:41:14:2444	End Run!
2026-05-26 15:41:14:4315	[Callback] nWorkStatus=1, nProcessID=10000
2026-05-26 15:41:14:4649	单次运行已触发
2026-05-26 15:41:14:4629	[Callback] nWorkStatus=0, nProcessID=10000
2026-05-26 15:41:14:4709	End Run!
2026-05-26 15:41:14:6306	[Callback] nWorkStatus=1, nProcessID=10000
2026-05-26 15:41:14:6635	单次运行已触发
2026-05-26 15:41:14:6615	[Callback] nWorkStatus=0, nProcessID=10000
2026-05-26 15:41:14:6695	End Run!
2026-05-26 15:41:14:8388	[Callback] nWorkStatus=1, nProcessID=10000
2026-05-26 15:41:14:8779	单次运行已触发
2026-05-26 15:41:14:8759	[Callback] nWorkStatus=0, nProcessID=10000
2026-05-26 15:41:14:8839	End Run!
2026-05-26 15:41:15:0465	[Callback] nWorkStatus=1, nProcessID=10000
2026-05-26 15:41:15:0781	单次运行已触发
2026-05-26 15:41:15:0765	[Callback] nWorkStatus=0, nProcessID=10000
2026-05-26 15:41:15:0841	End Run!
2026-05-26 15:41:15:2626	[Callback] nWorkStatus=1, nProcessID=10000
2026-05-26 15:41:15:2967	单次运行已触发
2026-05-26 15:41:15:2950	[Callback] nWorkStatus=0, nProcessID=10000
2026-05-26 15:41:15:3038	End Run!
2026-05-26 15:41:15:4704	[Callback] nWorkStatus=1, nProcessID=10000
2026-05-26 15:41:15:5044	单次运行已触发
2026-05-26 15:41:15:5024	[Callback] nWorkStatus=0, nProcessID=10000
2026-05-26 15:41:15:5104	End Run!
2026-05-26 15:41:15:6785	[Callback] nWorkStatus=1, nProcessID=10000
2026-05-26 15:41:15:7104	单次运行已触发
2026-05-26 15:41:15:7084	[Callback] nWorkStatus=0, nProcessID=10000
2026-05-26 15:41:15:7185	End Run!
2026-05-26 15:41:15:8865	[Callback] nWorkStatus=1, nProcessID=10000
2026-05-26 15:41:15:9187	单次运行已触发
2026-05-26 15:41:15:9167	[Callback] nWorkStatus=0, nProcessID=10000
2026-05-26 15:41:15:9247	End Run!
2026-05-26 15:41:16:0946	[Callback] nWorkStatus=1, nProcessID=10000
2026-05-26 15:41:16:1329	单次运行已触发
2026-05-26 15:41:16:1299	[Callback] nWorkStatus=0, nProcessID=10000
2026-05-26 15:41:16:1389	End Run!
2026-05-26 15:41:16:3025	[Callback] nWorkStatus=1, nProcessID=10000
2026-05-26 15:41:16:3328	单次运行已触发
2026-05-26 15:41:16:3308	[Callback] nWorkStatus=0, nProcessID=10000
2026-05-26 15:41:16:3388	End Run!
2026-05-26 15:41:16:5985	[Callback] nWorkStatus=1, nProcessID=10000
2026-05-26 15:41:16:6313	单次运行已触发
2026-05-26 15:41:16:6293	[Callback] nWorkStatus=0, nProcessID=10000
2026-05-26 15:41:16:6413	End Run!
2026-05-26 15:41:16:9346	[Callback] nWorkStatus=1, nProcessID=10000
2026-05-26 15:41:16:9645	单次运行已触发
2026-05-26 15:41:16:9628	[Callback] nWorkStatus=0, nProcessID=10000
2026-05-26 15:41:16:9706	End Run!
2026-05-26 15:41:17:1425	[Callback] nWorkStatus=1, nProcessID=10000
2026-05-26 15:41:17:1771	单次运行已触发
2026-05-26 15:41:17:1751	[Callback] nWorkStatus=0, nProcessID=10000
2026-05-26 15:41:17:1831	End Run!
2026-05-26 15:41:17:3665	[Callback] nWorkStatus=1, nProcessID=10000
2026-05-26 15:41:17:3985	单次运行已触发
2026-05-26 15:41:17:3965	[Callback] nWorkStatus=0, nProcessID=10000
2026-05-26 15:41:17:4045	End Run!
2026-05-26 15:41:17:5826	[Callback] nWorkStatus=1, nProcessID=10000
2026-05-26 15:41:17:6203	单次运行已触发
2026-05-26 15:41:17:6169	[Callback] nWorkStatus=0, nProcessID=10000
2026-05-26 15:41:17:6263	End Run!
2026-05-26 15:41:17:7985	[Callback] nWorkStatus=1, nProcessID=10000
2026-05-26 15:41:17:8362	单次运行已触发
2026-05-26 15:41:17:8346	[Callback] nWorkStatus=0, nProcessID=10000
2026-05-26 15:41:17:8432	End Run!
2026-05-26 15:41:18:0226	[Callback] nWorkStatus=1, nProcessID=10000
2026-05-26 15:41:18:0592	单次运行已触发
2026-05-26 15:41:18:0572	[Callback] nWorkStatus=0, nProcessID=10000
2026-05-26 15:41:18:0672	End Run!
2026-05-26 15:41:18:2386	[Callback] nWorkStatus=1, nProcessID=10000
2026-05-26 15:41:18:2749	单次运行已触发
2026-05-26 15:41:18:2729	[Callback] nWorkStatus=0, nProcessID=10000
2026-05-26 15:41:18:2809	End Run!
2026-05-26 15:41:18:4387	[Callback] nWorkStatus=1, nProcessID=10000
2026-05-26 15:41:18:4737	单次运行已触发
2026-05-26 15:41:18:4717	[Callback] nWorkStatus=0, nProcessID=10000
2026-05-26 15:41:18:4797	End Run!
2026-05-26 15:41:18:6385	[Callback] nWorkStatus=1, nProcessID=10000
2026-05-26 15:41:18:6746	单次运行已触发
2026-05-26 15:41:18:6726	[Callback] nWorkStatus=0, nProcessID=10000
2026-05-26 15:41:18:6826	End Run!
2026-05-26 15:41:18:8387	[Callback] nWorkStatus=1, nProcessID=10000
2026-05-26 15:41:18:8730	单次运行已触发
2026-05-26 15:41:18:8710	[Callback] nWorkStatus=0, nProcessID=10000
2026-05-26 15:41:18:8790	End Run!
2026-05-26 15:41:19:0386	[Callback] nWorkStatus=1, nProcessID=10000
2026-05-26 15:41:19:0693	单次运行已触发
2026-05-26 15:41:19:0673	[Callback] nWorkStatus=0, nProcessID=10000
2026-05-26 15:41:19:0753	End Run!
2026-05-26 15:41:19:2626	[Callback] nWorkStatus=1, nProcessID=10000
2026-05-26 15:41:19:2932	单次运行已触发
2026-05-26 15:41:19:2912	[Callback] nWorkStatus=0, nProcessID=10000
2026-05-26 15:41:19:2993	End Run!
2026-05-26 15:41:19:4626	[Callback] nWorkStatus=1, nProcessID=10000
2026-05-26 15:41:19:4973	单次运行已触发
2026-05-26 15:41:19:4953	[Callback] nWorkStatus=0, nProcessID=10000
2026-05-26 15:41:19:5033	End Run!
2026-05-26 15:41:31:1307	用户退出系统
2026-05-26 15:44:31:6407	Application started
2026-05-26 15:44:31:6844	导航到: Dashboard
2026-05-26 15:44:35:3756	导航到: Products
2026-05-26 15:44:53:5527	导航到: Tasks
2026-05-26 15:45:02:3413	已加载 3 个任务
2026-05-26 15:45:02:3413	检测页面已加载
2026-05-26 15:45:02:3513	导航到: Detection
2026-05-26 15:45:04:8377	已选择任务: OCR检测任务-2025-05-01
2026-05-26 15:45:08:5672	已从任务获取方案路径: D:\xcm\Test\相机拍与输出（无数据输出）2.sol
2026-05-26 15:45:16:3412	加载方案成功!
2026-05-26 15:45:18:6128	已选择 [OCR识别]
2026-05-26 15:47:24:3849	[Callback] nWorkStatus=1, nProcessID=10000
2026-05-26 15:47:24:4308	[Callback] nWorkStatus=0, nProcessID=10000
2026-05-26 15:47:24:4328	End Run!
