[UserSettingsService] BaseDirectory: D:\xcm\Triple-Detection\TripleDetection.App\bin\Debug\
[_configPath] D:\xcm\Triple-Detection\TripleDetection.App\bin\Debug\Config\users.json
[FileExists] True
[SimpleJsonHelper.Load] file=D:\xcm\Triple-Detection\TripleDetection.App\bin\Debug\Config\users.json
 json={
  "users": [
    {
      "username": "admin",
      "realName": "系统管理员",
      "password": "admin123",
      "role": "Admin",
      "isEnabled": true,
      "isLocked": false,
      "createdAt": "20
[ParseValue] array case: elementType=TripleDetection.Models.User, arr.Length=3
[ParseValue] arr[0] = Dictionary`2
[SimpleJsonHelper.Load] ERROR: 未找到属性设置方法。
   在 System.Reflection.RuntimePropertyInfo.SetValue(Object obj, Object value, BindingFlags invokeAttr, Binder binder, Object[] index, CultureInfo culture)
   在 System.Reflection.RuntimePropertyInfo.SetValue(Object obj, Object value, Object[] index)
   在 TripleDetection.Services.SimpleJsonHelper.DeserializeFromDict(Type type, Dictionary`2 dict) 位置 d:\xcm\Triple-Detection\TripleDetection.App\Services\Settings\SimpleJsonHelper.cs:行号 238
   在 TripleDetection.Services.SimpleJsonHelper.ParseValue(Object value, Type targetType) 位置 d:\xcm\Triple-Detection\TripleDetection.App\Services\Settings\SimpleJsonHelper.cs:行号 205
   在 TripleDetection.Services.SimpleJsonHelper.Deserialize[T](String json) 位置 d:\xcm\Triple-Detection\TripleDetection.App\Services\Settings\SimpleJsonHelper.cs:行号 141
   在 TripleDetection.Services.SimpleJsonHelper.Load[T](String filePath) 位置 d:\xcm\Triple-Detection\TripleDetection.App\Services\Settings\SimpleJsonHelper.cs:行号 34
[EnsureLoaded] Loaded 0 users
[Search] Total users from service: 0
[SimpleJsonHelper.Load] file=D:\xcm\Triple-Detection\TripleDetection.App\bin\Debug\Config\users.json
 json={
  "users": [
    {
      "username": "admin",
      "realName": "系统管理员",
      "password": "admin123",
      "role": "Admin",
      "isEnabled": true,
      "isLocked": false,
      "createdAt": "20
[ParseValue] array case: elementType=TripleDetection.Models.User, arr.Length=3
[ParseValue] arr[0] = Dictionary`2
[SimpleJsonHelper.Load] ERROR: 未找到属性设置方法。
   在 System.Reflection.RuntimePropertyInfo.SetValue(Object obj, Object value, BindingFlags invokeAttr, Binder binder, Object[] index, CultureInfo culture)
   在 System.Reflection.RuntimePropertyInfo.SetValue(Object obj, Object value, Object[] index)
   在 TripleDetection.Services.SimpleJsonHelper.DeserializeFromDict(Type type, Dictionary`2 dict) 位置 d:\xcm\Triple-Detection\TripleDetection.App\Services\Settings\SimpleJsonHelper.cs:行号 238
   在 TripleDetection.Services.SimpleJsonHelper.ParseValue(Object value, Type targetType) 位置 d:\xcm\Triple-Detection\TripleDetection.App\Services\Settings\SimpleJsonHelper.cs:行号 205
   在 TripleDetection.Services.SimpleJsonHelper.Deserialize[T](String json) 位置 d:\xcm\Triple-Detection\TripleDetection.App\Services\Settings\SimpleJsonHelper.cs:行号 141
   在 TripleDetection.Services.SimpleJsonHelper.Load[T](String filePath) 位置 d:\xcm\Triple-Detection\TripleDetection.App\Services\Settings\SimpleJsonHelper.cs:行号 34
[EnsureLoaded] Loaded 0 users
[Search] Total users from service: 0
[SimpleJsonHelper.Load] file=D:\xcm\Triple-Detection\TripleDetection.App\bin\Debug\Config\users.json
 json={
  "users": [
    {
      "username": "admin",
      "realName": "系统管理员",
      "password": "admin123",
      "role": "Admin",
      "isEnabled": true,
      "isLocked": false,
      "createdAt": "20
[ParseValue] array case: elementType=TripleDetection.Models.User, arr.Length=3
[ParseValue] arr[0] = Dictionary`2
[SimpleJsonHelper.Load] ERROR: 未找到属性设置方法。
   在 System.Reflection.RuntimePropertyInfo.SetValue(Object obj, Object value, BindingFlags invokeAttr, Binder binder, Object[] index, CultureInfo culture)
   在 System.Reflection.RuntimePropertyInfo.SetValue(Object obj, Object value, Object[] index)
   在 TripleDetection.Services.SimpleJsonHelper.DeserializeFromDict(Type type, Dictionary`2 dict) 位置 d:\xcm\Triple-Detection\TripleDetection.App\Services\Settings\SimpleJsonHelper.cs:行号 238
   在 TripleDetection.Services.SimpleJsonHelper.ParseValue(Object value, Type targetType) 位置 d:\xcm\Triple-Detection\TripleDetection.App\Services\Settings\SimpleJsonHelper.cs:行号 205
   在 TripleDetection.Services.SimpleJsonHelper.Deserialize[T](String json) 位置 d:\xcm\Triple-Detection\TripleDetection.App\Services\Settings\SimpleJsonHelper.cs:行号 141
   在 TripleDetection.Services.SimpleJsonHelper.Load[T](String filePath) 位置 d:\xcm\Triple-Detection\TripleDetection.App\Services\Settings\SimpleJsonHelper.cs:行号 34
[EnsureLoaded] Loaded 0 users
[Search] Total users from service: 0
[SimpleJsonHelper.Load] file=D:\xcm\Triple-Detection\TripleDetection.App\bin\Debug\Config\users.json
 json={
  "users": [
    {
      "username": "admin",
      "realName": "系统管理员",
      "password": "admin123",
      "role": "Admin",
      "isEnabled": true,
      "isLocked": false,
      "createdAt": "20
[ParseValue] array case: elementType=TripleDetection.Models.User, arr.Length=3
[ParseValue] arr[0] = Dictionary`2
[SimpleJsonHelper.Load] ERROR: 未找到属性设置方法。
   在 System.Reflection.RuntimePropertyInfo.SetValue(Object obj, Object value, BindingFlags invokeAttr, Binder binder, Object[] index, CultureInfo culture)
   在 System.Reflection.RuntimePropertyInfo.SetValue(Object obj, Object value, Object[] index)
   在 TripleDetection.Services.SimpleJsonHelper.DeserializeFromDict(Type type, Dictionary`2 dict) 位置 d:\xcm\Triple-Detection\TripleDetection.App\Services\Settings\SimpleJsonHelper.cs:行号 238
   在 TripleDetection.Services.SimpleJsonHelper.ParseValue(Object value, Type targetType) 位置 d:\xcm\Triple-Detection\TripleDetection.App\Services\Settings\SimpleJsonHelper.cs:行号 205
   在 TripleDetection.Services.SimpleJsonHelper.Deserialize[T](String json) 位置 d:\xcm\Triple-Detection\TripleDetection.App\Services\Settings\SimpleJsonHelper.cs:行号 141
   在 TripleDetection.Services.SimpleJsonHelper.Load[T](String filePath) 位置 d:\xcm\Triple-Detection\TripleDetection.App\Services\Settings\SimpleJsonHelper.cs:行号 34
[EnsureLoaded] Loaded 0 users
[Search] Total users from service: 0
[SimpleJsonHelper.Load] file=D:\xcm\Triple-Detection\TripleDetection.App\bin\Debug\Config\users.json
 json={
  "users": [
    {
      "username": "admin",
      "realName": "系统管理员",
      "password": "admin123",
      "role": "Admin",
      "isEnabled": true,
      "isLocked": false,
      "createdAt": "20
[ParseValue] array case: elementType=TripleDetection.Models.User, arr.Length=3
[ParseValue] arr[0] = Dictionary`2
[SimpleJsonHelper.Load] ERROR: 未找到属性设置方法。
   在 System.Reflection.RuntimePropertyInfo.SetValue(Object obj, Object value, BindingFlags invokeAttr, Binder binder, Object[] index, CultureInfo culture)
   在 System.Reflection.RuntimePropertyInfo.SetValue(Object obj, Object value, Object[] index)
   在 TripleDetection.Services.SimpleJsonHelper.DeserializeFromDict(Type type, Dictionary`2 dict) 位置 d:\xcm\Triple-Detection\TripleDetection.App\Services\Settings\SimpleJsonHelper.cs:行号 238
   在 TripleDetection.Services.SimpleJsonHelper.ParseValue(Object value, Type targetType) 位置 d:\xcm\Triple-Detection\TripleDetection.App\Services\Settings\SimpleJsonHelper.cs:行号 205
   在 TripleDetection.Services.SimpleJsonHelper.Deserialize[T](String json) 位置 d:\xcm\Triple-Detection\TripleDetection.App\Services\Settings\SimpleJsonHelper.cs:行号 141
   在 TripleDetection.Services.SimpleJsonHelper.Load[T](String filePath) 位置 d:\xcm\Triple-Detection\TripleDetection.App\Services\Settings\SimpleJsonHelper.cs:行号 34
[EnsureLoaded] Loaded 0 users
[Search] Total users from service: 0
[SimpleJsonHelper.Load] file=D:\xcm\Triple-Detection\TripleDetection.App\bin\Debug\Config\users.json
 json={
  "users": [
    {
      "username": "admin",
      "realName": "系统管理员",
      "password": "admin123",
      "role": "Admin",
      "isEnabled": true,
      "isLocked": false,
      "createdAt": "20
[ParseValue] array case: elementType=TripleDetection.Models.User, arr.Length=3
[ParseValue] arr[0] = Dictionary`2
[SimpleJsonHelper.Load] ERROR: 未找到属性设置方法。
   在 System.Reflection.RuntimePropertyInfo.SetValue(Object obj, Object value, BindingFlags invokeAttr, Binder binder, Object[] index, CultureInfo culture)
   在 System.Reflection.RuntimePropertyInfo.SetValue(Object obj, Object value, Object[] index)
   在 TripleDetection.Services.SimpleJsonHelper.DeserializeFromDict(Type type, Dictionary`2 dict) 位置 d:\xcm\Triple-Detection\TripleDetection.App\Services\Settings\SimpleJsonHelper.cs:行号 238
   在 TripleDetection.Services.SimpleJsonHelper.ParseValue(Object value, Type targetType) 位置 d:\xcm\Triple-Detection\TripleDetection.App\Services\Settings\SimpleJsonHelper.cs:行号 205
   在 TripleDetection.Services.SimpleJsonHelper.Deserialize[T](String json) 位置 d:\xcm\Triple-Detection\TripleDetection.App\Services\Settings\SimpleJsonHelper.cs:行号 141
   在 TripleDetection.Services.SimpleJsonHelper.Load[T](String filePath) 位置 d:\xcm\Triple-Detection\TripleDetection.App\Services\Settings\SimpleJsonHelper.cs:行号 34
[EnsureLoaded] Loaded 0 users
[SimpleJsonHelper.Load] file=D:\xcm\Triple-Detection\TripleDetection.App\bin\Debug\Config\users.json
 json={"users": [{"username": "admin", "realName": "admin", "password": "admin", "role": "Operator", "isEnabled": true, "isLocked": false, "createdAt": "2026-05-26T14:18:09", "lastLoginAt": null, "statusTex
[ParseValue] array case: elementType=TripleDetection.Models.User, arr.Length=1
[ParseValue] arr[0] = Dictionary`2
[SimpleJsonHelper.Load] ERROR: 未找到属性设置方法。
   在 System.Reflection.RuntimePropertyInfo.SetValue(Object obj, Object value, BindingFlags invokeAttr, Binder binder, Object[] index, CultureInfo culture)
   在 System.Reflection.RuntimePropertyInfo.SetValue(Object obj, Object value, Object[] index)
   在 TripleDetection.Services.SimpleJsonHelper.DeserializeFromDict(Type type, Dictionary`2 dict) 位置 d:\xcm\Triple-Detection\TripleDetection.App\Services\Settings\SimpleJsonHelper.cs:行号 238
   在 TripleDetection.Services.SimpleJsonHelper.ParseValue(Object value, Type targetType) 位置 d:\xcm\Triple-Detection\TripleDetection.App\Services\Settings\SimpleJsonHelper.cs:行号 205
   在 TripleDetection.Services.SimpleJsonHelper.Deserialize[T](String json) 位置 d:\xcm\Triple-Detection\TripleDetection.App\Services\Settings\SimpleJsonHelper.cs:行号 141
   在 TripleDetection.Services.SimpleJsonHelper.Load[T](String filePath) 位置 d:\xcm\Triple-Detection\TripleDetection.App\Services\Settings\SimpleJsonHelper.cs:行号 34
[EnsureLoaded] Loaded 0 users
[Search] Total users from service: 0
[SimpleJsonHelper.Load] file=D:\xcm\Triple-Detection\TripleDetection.App\bin\Debug\Config\communication.json
 json={
  "cameraIp": "192.168.1.100",
  "cameraPort": 5000,
  "plcIp": "192.168.1.200",
  "plcPort": 5001,
  "plcType": "Mitsubishi",
  "baudRate": 115200
}
[SimpleJsonHelper.Load] deserialized successfully
[SimpleJsonHelper.Load] file=D:\xcm\Triple-Detection\TripleDetection.App\bin\Debug\Config\communication.json
 json={
  "cameraIp": "192.168.1.100",
  "cameraPort": 5000,
  "plcIp": "192.168.1.200",
  "plcPort": 5001,
  "plcType": "Mitsubishi",
  "baudRate": 115200
}
[SimpleJsonHelper.Load] deserialized successfully
[SimpleJsonHelper.Load] file=D:\xcm\Triple-Detection\TripleDetection.App\bin\Debug\Config\communication.json
 json={
  "cameraIp": "192.168.1.100",
  "cameraPort": 5000,
  "plcIp": "192.168.1.200",
  "plcPort": 5001,
  "plcType": "Mitsubishi",
  "baudRate": 115200
}
[SimpleJsonHelper.Load] deserialized successfully
[SimpleJsonHelper.Load] file=D:\xcm\Triple-Detection\TripleDetection.App\bin\Debug\Config\communication.json
 json={
  "cameraIp": "192.168.1.100",
  "cameraPort": 5000,
  "plcIp": "192.168.1.200",
  "plcPort": 5001,
  "plcType": "Mitsubishi",
  "baudRate": 115200
}
[SimpleJsonHelper.Load] deserialized successfully
[SimpleJsonHelper.Load] ERROR: 未找到属性设置方法。
   在 System.Reflection.RuntimePropertyInfo.SetValue(Object obj, Object value, BindingFlags invokeAttr, Binder binder, Object[] index, CultureInfo culture)
   在 System.Reflection.RuntimePropertyInfo.SetValue(Object obj, Object value, Object[] index)
   在 TripleDetection.Data.SimpleJsonHelper.DeserializeFromDict(Type type, Dictionary`2 dict) 位置 d:\xcm\Triple-Detection\TripleDetection.Data\SimpleJsonHelper.cs:行号 226
   在 TripleDetection.Data.SimpleJsonHelper.ParseValue(Object value, Type targetType) 位置 d:\xcm\Triple-Detection\TripleDetection.Data\SimpleJsonHelper.cs:行号 193
   在 TripleDetection.Data.SimpleJsonHelper.Deserialize[T](String json) 位置 d:\xcm\Triple-Detection\TripleDetection.Data\SimpleJsonHelper.cs:行号 135
   在 TripleDetection.Data.SimpleJsonHelper.Load[T](String filePath) 位置 d:\xcm\Triple-Detection\TripleDetection.Data\SimpleJsonHelper.cs:行号 31
[SimpleJsonHelper.Load] file=D:\xcm\Triple-Detection\TripleDetection.App\bin\Debug\Config\communication.json
 json={
  "cameraIp": "192.168.1.100",
  "cameraPort": 5000,
  "plcIp": "192.168.1.200",
  "plcPort": 5001,
  "plcType": "Mitsubishi",
  "baudRate": 115200
}
[SimpleJsonHelper.Load] deserialized successfully
[SimpleJsonHelper.Load] file=D:\xcm\Triple-Detection\TripleDetection.App\bin\Debug\Config\communication.json
 json={
  "cameraIp": "192.168.1.100",
  "cameraPort": 5000,
  "plcIp": "192.168.1.200",
  "plcPort": 5001,
  "plcType": "Mitsubishi",
  "baudRate": 115200
}
[SimpleJsonHelper.Load] deserialized successfully
[SimpleJsonHelper.Load] file=D:\xcm\Triple-Detection\TripleDetection.App\bin\Debug\Config\communication.json
 json={
  "cameraIp": "192.168.1.100",
  "cameraPort": 5000,
  "plcIp": "192.168.1.200",
  "plcPort": 5001,
  "plcType": "Mitsubishi",
  "baudRate": 115200
}
[SimpleJsonHelper.Load] deserialized successfully
[SimpleJsonHelper.Load] file=D:\xcm\Triple-Detection\TripleDetection.App\bin\Debug\Config\communication.json
 json={
  "cameraIp": "192.168.1.100",
  "cameraPort": 5000,
  "plcIp": "192.168.1.200",
  "plcPort": 5001,
  "plcType": "Mitsubishi",
  "baudRate": 115200
}
[SimpleJsonHelper.Load] deserialized successfully
[SimpleJsonHelper.Load] file=D:\xcm\Triple-Detection\TripleDetection.App\bin\Debug\Config\vm_settings.json
 json={
  "vmInstallPath": "C:\\Program Files\\VisionMaster4.2.0"
}
[SimpleJsonHelper.Load] deserialized successfully
[SimpleJsonHelper.Load] file=D:\xcm\Triple-Detection\TripleDetection.App\bin\Debug\Config\vm_settings.json
 json={
  "vmInstallPath": "C:\\Program Files\\VisionMaster4.2.0"
}
[SimpleJsonHelper.Load] deserialized successfully
[SimpleJsonHelper.Load] file=D:\xcm\Triple-Detection\TripleDetection.App\bin\Debug\Config\system.json
 json={
  "logSaveMethod": "ByDate",
  "logRetentionDays": 30,
  "logExportPath": "D:\\Logs\\Export",
  "autoCleanLog": true,
  "factoryCode": "F001",
  "productionLine": "L001",
  "dbBackupRoot": "D:\\Data
[SimpleJsonHelper.Load] deserialized successfully
[SimpleJsonHelper.Load] file=D:\xcm\Triple-Detection\TripleDetection.App\bin\Debug\Config\system.json
 json={
  "logSaveMethod": "ByDate",
  "logRetentionDays": 30,
  "logExportPath": "D:\\Logs\\Export",
  "autoCleanLog": true,
  "factoryCode": "F001",
  "productionLine": "L001",
  "dbBackupRoot": "D:\\Data
[SimpleJsonHelper.Load] deserialized successfully
[SimpleJsonHelper.Load] file=D:\xcm\Triple-Detection\TripleDetection.App\bin\Debug\Config\device_control.json
 json={
  "lightSourceType": "LED",
  "captureDelayMs": 100,
  "captureFeedbackTimeoutMs": 5000,
  "rejectDelayMs": 50,
  "rejectDurationMs": 200,
  "consecutiveRejectsToStopLine": 10
}
[SimpleJsonHelper.Load] deserialized successfully
[SimpleJsonHelper.Load] file=D:\xcm\Triple-Detection\TripleDetection.App\bin\Debug\Config\device_control.json
 json={
  "lightSourceType": "LED",
  "captureDelayMs": 100,
  "captureFeedbackTimeoutMs": 5000,
  "rejectDelayMs": 50,
  "rejectDurationMs": 200,
  "consecutiveRejectsToStopLine": 10
}
[SimpleJsonHelper.Load] deserialized successfully
